// Jest Snapshot v1, https://goo.gl/fbAQLP

exports[`SignupScreen component SignupScreen renders correctly 1`] = `
[
  <RCTSafeAreaView>
    <View
      style={
        {
          "alignItems": "center",
          "flexDirection": "column",
          "height": "100%",
          "justifyContent": "center",
          "marginHorizontal": 30,
        }
      }
    >
      <Text
        style={
          {
            "fontSize": 30,
            "marginBottom": "20%",
            "textAlign": "center",
          }
        }
      >
        Sign up
      </Text>
      <TextInput
        onChangeText={[Function]}
        placeholder="Enter your email"
        style={
          {
            "borderColor": "#ccc",
            "borderWidth": 2,
            "marginBottom": 20,
            "padding": 20,
            "width": "100%",
          }
        }
        testID="emailInputField"
        value=""
      />
      <TextInput
        onChangeText={[Function]}
        placeholder="Password"
        style={
          {
            "borderColor": "#ccc",
            "borderWidth": 2,
            "marginBottom": 20,
            "padding": 20,
            "width": "100%",
          }
        }
        testID="passwordInputField"
        value=""
      />
      <View
        accessibilityRole="button"
        accessibilityState={
          {
            "busy": undefined,
            "checked": undefined,
            "disabled": undefined,
            "expanded": undefined,
            "selected": undefined,
          }
        }
        accessibilityValue={
          {
            "max": undefined,
            "min": undefined,
            "now": undefined,
            "text": undefined,
          }
        }
        accessible={true}
        collapsable={false}
        focusable={true}
        onClick={[Function]}
        onResponderGrant={[Function]}
        onResponderMove={[Function]}
        onResponderRelease={[Function]}
        onResponderTerminate={[Function]}
        onResponderTerminationRequest={[Function]}
        onStartShouldSetResponder={[Function]}
        style={
          {
            "opacity": 1,
          }
        }
        testID="signupButton"
      >
        <View
          style={
            [
              {},
            ]
          }
        >
          <Text
            style={
              [
                {
                  "color": "#007AFF",
                  "fontSize": 18,
                  "margin": 8,
                  "textAlign": "center",
                },
                {
                  "color": "blue",
                },
              ]
            }
          >
            Signup
          </Text>
        </View>
      </View>
      <View
        style={
          {
            "flexDirection": "row",
            "marginTop": 20,
          }
        }
      >
        <Text>
          Already have an account?
        </Text>
        <View
          accessibilityState={
            {
              "busy": undefined,
              "checked": undefined,
              "disabled": undefined,
              "expanded": undefined,
              "selected": undefined,
            }
          }
          accessibilityValue={
            {
              "max": undefined,
              "min": undefined,
              "now": undefined,
              "text": undefined,
            }
          }
          accessible={true}
          collapsable={false}
          focusable={true}
          onClick={[Function]}
          onResponderGrant={[Function]}
          onResponderMove={[Function]}
          onResponderRelease={[Function]}
          onResponderTerminate={[Function]}
          onResponderTerminationRequest={[Function]}
          onStartShouldSetResponder={[Function]}
          style={
            {
              "opacity": 1,
            }
          }
        >
          <Text
            style={
              {
                "color": "blue",
              }
            }
          >
             Sign in
          </Text>
        </View>
      </View>
    </View>
  </RCTSafeAreaView>,
  ",",
]
`;
